../Core/Src/main.c:40:6:HAL_TIM_PeriodElapsedCallback	16	static
../Core/Src/main.c:72:5:main	16	static
../Core/Src/main.c:157:6:HAL_UART_RxCpltCallback	16	static
../Core/Src/main.c:169:6:SystemClock_Config	88	static
../Core/Src/main.c:216:13:MX_ADC1_Init	24	static
../Core/Src/main.c:263:13:MX_TIM1_Init	96	static
../Core/Src/main.c:338:13:MX_TIM2_Init	32	static
../Core/Src/main.c:383:13:MX_TIM3_Init	32	static
../Core/Src/main.c:438:13:MX_USART1_UART_Init	8	static
../Core/Src/main.c:471:13:MX_GPIO_Init	40	static
../Core/Src/main.c:526:6:Error_Handler	4	static,ignoring_inline_asm
